/home/ivan/Desktop/Symbols/Porfolios/trading-strategy-dashboard/venv/lib/python3.12/site-packages/pydantic/_internal/_config.py:383: UserWarning: Valid config keys have changed in V2:
* 'json_loads' has been removed
  warnings.warn(message, UserWarning)
INFO:     Started server process [3250096]
INFO:     Waiting for application startup.
INFO:     Application startup complete.
INFO:     Uvicorn running on http://0.0.0.0:8001 (Press CTRL+C to quit)
INFO:     127.0.0.1:49120 - "HEAD / HTTP/1.1" 405 Method Not Allowed
INFO:     127.0.0.1:49124 - "GET / HTTP/1.1" 200 OK
INFO:     127.0.0.1:49124 - "GET /src/main.js?v=3.7 HTTP/1.1" 200 OK
INFO:     127.0.0.1:49124 - "GET /src/config.js HTTP/1.1" 304 Not Modified
INFO:     127.0.0.1:49134 - "GET /src/modules/databank.js HTTP/1.1" 304 Not Modified
INFO:     127.0.0.1:49136 - "GET /src/ui.js HTTP/1.1" 304 Not Modified
INFO:     127.0.0.1:49136 - "GET /src/utils.js HTTP/1.1" 304 Not Modified
INFO:     127.0.0.1:49134 - "GET /src/modules/databankTable.js HTTP/1.1" 304 Not Modified
INFO:     127.0.0.1:49124 - "GET /src/modules/strategiesTable.js HTTP/1.1" 304 Not Modified
INFO:     127.0.0.1:49124 - "GET /src/modules/portfolioBuilder.js HTTP/1.1" 200 OK
/home/ivan/Desktop/Symbols/Porfolios/trading-strategy-dashboard/analysis_engine.py:184: FutureWarning: 'M' is deprecated and will be removed in a future version, please use 'ME' instead.
  monthly_pnl = equity_curve['pnl'].resample('M').sum()
/home/ivan/Desktop/Symbols/Porfolios/trading-strategy-dashboard/analysis_engine.py:184: FutureWarning: 'M' is deprecated and will be removed in a future version, please use 'ME' instead.
  monthly_pnl = equity_curve['pnl'].resample('M').sum()
/home/ivan/Desktop/Symbols/Porfolios/trading-strategy-dashboard/analysis_engine.py:184: FutureWarning: 'M' is deprecated and will be removed in a future version, please use 'ME' instead.
  monthly_pnl = equity_curve['pnl'].resample('M').sum()
/home/ivan/Desktop/Symbols/Porfolios/trading-strategy-dashboard/analysis_engine.py:184: FutureWarning: 'M' is deprecated and will be removed in a future version, please use 'ME' instead.
  monthly_pnl = equity_curve['pnl'].resample('M').sum()
/home/ivan/Desktop/Symbols/Porfolios/trading-strategy-dashboard/analysis_engine.py:184: FutureWarning: 'M' is deprecated and will be removed in a future version, please use 'ME' instead.
  monthly_pnl = equity_curve['pnl'].resample('M').sum()

--- Endpoint /analysis/full HIT ---
Received 5 strategies and benchmark with 0 rows.
  Processing strategy 1/5...
  Processing strategy 2/5...
  Processing strategy 3/5...
  Processing strategy 4/5...
  Processing strategy 5/5...
--- [DEBUG ENGINE] Processing strategy. Rows: 742
--- [DEBUG ENGINE] Sample Entry Date (Raw): 2009.01.06 11:00:00
--- [DEBUG ENGINE] Sample PnL (Raw): -98.34 (Type: <class 'numpy.float64'>)
--- [DEBUG ENGINE] Valid Entry Dates after parsing: 742/742
--- [DEBUG ENGINE] Valid PnL after parsing: 742/742
--- [DEBUG ENGINE] Rows before drop: 742, After drop: 742

--- [METRICS SURGERY] Calculated Metrics for Strategy/Portfolio ---
{
  "profitFactor": 1.3689898286332711,
  "sortinoRatio": 1.5879123304865526,
  "maxDrawdown": 12.160774137744657,
  "monthlyAvgProfit": 66.82265814419225,
  "maxConsecutiveLosingMonths": 4,
  "ulcerIndexInDollars": 366.16357747172395,
  "upi": 1.9604769493295828,
  "sharpeRatio": 0.8249327948240398,
  "captureRatio": null,
  "maxDrawdownInDollars": 1439.680000000004,
  "profitMaxDD_Ratio": 9.136606745943517,
  "monthlyProfitToDollarDD": 4.64149381419427,
  "winningPercentage": 45.68733153638814,
  "maxStagnationTrades": 64,
  "totalTrades": 742,
  "maxStagnationDays": 572,
  "sqn": 3.6083778112592646,
  "totalProfit": 13153.789999999999
}
-------------------------------------------------------------------

  -> Strategy 1 analysis complete.
--- [DEBUG ENGINE] Processing strategy. Rows: 532
--- [DEBUG ENGINE] Sample Entry Date (Raw): 2009.01.02 21:00:00
--- [DEBUG ENGINE] Sample PnL (Raw): -100.74 (Type: <class 'numpy.float64'>)
--- [DEBUG ENGINE] Valid Entry Dates after parsing: 532/532
--- [DEBUG ENGINE] Valid PnL after parsing: 532/532
--- [DEBUG ENGINE] Rows before drop: 532, After drop: 532

--- [METRICS SURGERY] Calculated Metrics for Strategy/Portfolio ---
{
  "profitFactor": 1.574805733614906,
  "sortinoRatio": 1.8989469148836873,
  "maxDrawdown": 16.079005924528612,
  "monthlyAvgProfit": 77.05774511934156,
  "maxConsecutiveLosingMonths": 5,
  "ulcerIndexInDollars": 507.29135781287624,
  "upi": 1.3786197720633604,
  "sharpeRatio": 0.9103377023100337,
  "captureRatio": null,
  "maxDrawdownInDollars": 1755.9399999999969,
  "profitMaxDD_Ratio": 8.758066904336154,
  "monthlyProfitToDollarDD": 4.388404223341441,
  "winningPercentage": 46.99248120300752,
  "maxStagnationTrades": 71,
  "totalTrades": 532,
  "maxStagnationDays": 802,
  "sqn": 4.320679995268276,
  "totalProfit": 15378.64
}
-------------------------------------------------------------------

  -> Strategy 2 analysis complete.
--- [DEBUG ENGINE] Processing strategy. Rows: 1337
--- [DEBUG ENGINE] Sample Entry Date (Raw): 2009.01.02 09:00:00
--- [DEBUG ENGINE] Sample PnL (Raw): -101.16 (Type: <class 'numpy.float64'>)
--- [DEBUG ENGINE] Valid Entry Dates after parsing: 1337/1337
--- [DEBUG ENGINE] Valid PnL after parsing: 1337/1337
--- [DEBUG ENGINE] Rows before drop: 1337, After drop: 1337

--- [METRICS SURGERY] Calculated Metrics for Strategy/Portfolio ---
{
  "profitFactor": 1.5058204875357952,
  "sortinoRatio": 2.7219912234809343,
  "maxDrawdown": 9.59535742755561,
  "monthlyAvgProfit": 165.95978192592594,
  "maxConsecutiveLosingMonths": 4,
  "ulcerIndexInDollars": 404.1966718740219,
  "upi": 4.310364011237019,
  "sharpeRatio": 1.3189381530182303,
  "captureRatio": null,
  "maxDrawdownInDollars": 1290.739999999998,
  "profitMaxDD_Ratio": 25.66053581666335,
  "monthlyProfitToDollarDD": 12.85772362566638,
  "winningPercentage": 47.86836200448766,
  "maxStagnationTrades": 128,
  "totalTrades": 1337,
  "maxStagnationDays": 523,
  "sqn": 6.096251330006691,
  "totalProfit": 33121.08
}
-------------------------------------------------------------------

  -> Strategy 3 analysis complete.
--- [DEBUG ENGINE] Processing strategy. Rows: 1722
--- [DEBUG ENGINE] Sample Entry Date (Raw): 2010.01.04 01:00:00
--- [DEBUG ENGINE] Sample PnL (Raw): -100.38 (Type: <class 'numpy.float64'>)
--- [DEBUG ENGINE] Valid Entry Dates after parsing: 1722/1722
--- [DEBUG ENGINE] Valid PnL after parsing: 1722/1722
--- [DEBUG ENGINE] Rows before drop: 1722, After drop: 1722

--- [METRICS SURGERY] Calculated Metrics for Strategy/Portfolio ---
{
  "profitFactor": 1.4545060206107097,
  "sortinoRatio": 2.7238601140200744,
  "maxDrawdown": 5.079406671821357,
  "monthlyAvgProfit": 127.04724041910852,
  "maxConsecutiveLosingMonths": 3,
  "ulcerIndexInDollars": 358.0938351145009,
  "upi": 5.219378005748421,
  "sharpeRatio": 1.4354814866061587,
  "captureRatio": null,
  "maxDrawdownInDollars": 1237.5900000000038,
  "profitMaxDD_Ratio": 18.990190612399847,
  "monthlyProfitToDollarDD": 10.26569707408012,
  "winningPercentage": 59.29152148664344,
  "maxStagnationTrades": 147,
  "totalTrades": 1722,
  "maxStagnationDays": 491,
  "sqn": 5.51472389013377,
  "totalProfit": 23502.07
}
-------------------------------------------------------------------

  -> Strategy 4 analysis complete.
--- [DEBUG ENGINE] Processing strategy. Rows: 1365
--- [DEBUG ENGINE] Sample Entry Date (Raw): 2010.01.04 11:00:00
--- [DEBUG ENGINE] Sample PnL (Raw): 261.95 (Type: <class 'numpy.float64'>)
--- [DEBUG ENGINE] Valid Entry Dates after parsing: 1365/1365
--- [DEBUG ENGINE] Valid PnL after parsing: 1365/1365
--- [DEBUG ENGINE] Rows before drop: 1365, After drop: 1365

--- [METRICS SURGERY] Calculated Metrics for Strategy/Portfolio ---
{
  "profitFactor": 1.3733140858267765,
  "sortinoRatio": 2.1866931260810287,
  "maxDrawdown": 13.094326427135217,
  "monthlyAvgProfit": 139.23778199254127,
  "maxConsecutiveLosingMonths": 4,
  "ulcerIndexInDollars": 703.8275640098428,
  "upi": 1.87210931606201,
  "sharpeRatio": 0.984600105044967,
  "captureRatio": null,
  "maxDrawdownInDollars": 2028.9100000000035,
  "profitMaxDD_Ratio": 12.695072723777768,
  "monthlyProfitToDollarDD": 6.862688931127601,
  "winningPercentage": 38.901098901098905,
  "maxStagnationTrades": 159,
  "totalTrades": 1365,
  "maxStagnationDays": 723,
  "sqn": 4.518924874618532,
  "totalProfit": 25757.159999999996
}
-------------------------------------------------------------------

  -> Strategy 5 analysis complete.

[BACKEND-LOG] 3. ANÁLISIS COMPLETO. Enviando 5 objetos de resultados al frontend.
INFO:     127.0.0.1:36098 - "POST /analysis/full HTTP/1.1" 200 OK
INFO:     127.0.0.1:39624 - "GET /.well-known/appspecific/com.chrome.devtools.json HTTP/1.1" 404 Not Found
